#-----------------------------------------------------------
# Webtalk v2016.4 (64-bit)
# SW Build 1756540 on Mon Jan 23 19:11:23 MST 2017
# IP Build 1755317 on Mon Jan 23 20:30:07 MST 2017
# Start of session at: Sun May 07 19:55:22 2017
# Process ID: 13488
# Current directory: C:/Users/Administrator/Desktop/VHDL_Circuit_Design/Efficient_Parallel_Correlator/Efficient_Parallel_Correlator.sim/sim_1/behav
# Command line: wbtcv.exe -mode batch -source C:/Users/Administrator/Desktop/VHDL_Circuit_Design/Efficient_Parallel_Correlator/Efficient_Parallel_Correlator.sim/sim_1/behav/xsim.dir/Golay_128_sim_behav/webtalk/xsim_webtalk.tcl -notrace
# Log file: C:/Users/Administrator/Desktop/VHDL_Circuit_Design/Efficient_Parallel_Correlator/Efficient_Parallel_Correlator.sim/sim_1/behav/webtalk.log
# Journal file: C:/Users/Administrator/Desktop/VHDL_Circuit_Design/Efficient_Parallel_Correlator/Efficient_Parallel_Correlator.sim/sim_1/behav\webtalk.jou
#-----------------------------------------------------------
source C:/Users/Administrator/Desktop/VHDL_Circuit_Design/Efficient_Parallel_Correlator/Efficient_Parallel_Correlator.sim/sim_1/behav/xsim.dir/Golay_128_sim_behav/webtalk/xsim_webtalk.tcl -notrace
