Copyright 1986-2016 Xilinx, Inc. All Rights Reserved.
---------------------------------------------------------------------------------------------------------------------------------------
| Tool Version : Vivado v.2016.4 (win64) Build 1756540 Mon Jan 23 19:11:23 MST 2017
| Date         : Wed Aug 23 09:17:15 2017
| Host         : DESKTOP-66RT4UP running 64-bit major release  (build 9200)
| Command      : report_utilization -file base_mb_microblaze_0_0_utilization_synth.rpt -pb base_mb_microblaze_0_0_utilization_synth.pb
| Design       : base_mb_microblaze_0_0
| Device       : 7vx485tffg1761-2
| Design State : Synthesized
---------------------------------------------------------------------------------------------------------------------------------------

Utilization Design Information

Table of Contents
-----------------
1. Slice Logic
1.1 Summary of Registers by Type
2. Memory
3. DSP
4. IO and GT Specific
5. Clocking
6. Specific Feature
7. Primitives
8. Black Boxes
9. Instantiated Netlists

1. Slice Logic
--------------

+----------------------------+------+-------+-----------+-------+
|          Site Type         | Used | Fixed | Available | Util% |
+----------------------------+------+-------+-----------+-------+
| Slice LUTs*                | 1154 |     0 |    303600 |  0.38 |
|   LUT as Logic             |  993 |     0 |    303600 |  0.33 |
|   LUT as Memory            |  161 |     0 |    130800 |  0.12 |
|     LUT as Distributed RAM |   64 |     0 |           |       |
|     LUT as Shift Register  |   97 |     0 |           |       |
| Slice Registers            | 1509 |     0 |    607200 |  0.25 |
|   Register as Flip Flop    | 1508 |     0 |    607200 |  0.25 |
|   Register as Latch        |    0 |     0 |    607200 |  0.00 |
|   Register as AND/OR       |    1 |     0 |    607200 | <0.01 |
| F7 Muxes                   |  116 |     0 |    151800 |  0.08 |
| F8 Muxes                   |    0 |     0 |     75900 |  0.00 |
+----------------------------+------+-------+-----------+-------+
* Warning! The Final LUT count, after physical optimizations and full implementation, is typically lower. Run opt_design after synthesis, if not already completed, for a more realistic count.


1.1 Summary of Registers by Type
--------------------------------

+-------+--------------+-------------+--------------+
| Total | Clock Enable | Synchronous | Asynchronous |
+-------+--------------+-------------+--------------+
| 1     |            _ |           - |            - |
| 0     |            _ |           - |          Set |
| 0     |            _ |           - |        Reset |
| 0     |            _ |         Set |            - |
| 0     |            _ |       Reset |            - |
| 0     |          Yes |           - |            - |
| 0     |          Yes |           - |          Set |
| 143   |          Yes |           - |        Reset |
| 37    |          Yes |         Set |            - |
| 1328  |          Yes |       Reset |            - |
+-------+--------------+-------------+--------------+


2. Memory
---------

+----------------+------+-------+-----------+-------+
|    Site Type   | Used | Fixed | Available | Util% |
+----------------+------+-------+-----------+-------+
| Block RAM Tile |    0 |     0 |      1030 |  0.00 |
|   RAMB36/FIFO* |    0 |     0 |      1030 |  0.00 |
|   RAMB18       |    0 |     0 |      2060 |  0.00 |
+----------------+------+-------+-----------+-------+
* Note: Each Block RAM Tile only has one FIFO logic available and therefore can accommodate only one FIFO36E1 or one FIFO18E1. However, if a FIFO18E1 occupies a Block RAM Tile, that tile can still accommodate a RAMB18E1


3. DSP
------

+-----------+------+-------+-----------+-------+
| Site Type | Used | Fixed | Available | Util% |
+-----------+------+-------+-----------+-------+
| DSPs      |    0 |     0 |      2800 |  0.00 |
+-----------+------+-------+-----------+-------+


4. IO and GT Specific
---------------------

+-----------------------------+------+-------+-----------+-------+
|          Site Type          | Used | Fixed | Available | Util% |
+-----------------------------+------+-------+-----------+-------+
| Bonded IOB                  |    0 |     0 |       700 |  0.00 |
| Bonded IPADs                |    0 |     0 |        86 |  0.00 |
| Bonded OPADs                |    0 |     0 |        56 |  0.00 |
| PHY_CONTROL                 |    0 |     0 |        14 |  0.00 |
| PHASER_REF                  |    0 |     0 |        14 |  0.00 |
| OUT_FIFO                    |    0 |     0 |        56 |  0.00 |
| IN_FIFO                     |    0 |     0 |        56 |  0.00 |
| IDELAYCTRL                  |    0 |     0 |        14 |  0.00 |
| IBUFDS                      |    0 |     0 |       672 |  0.00 |
| GTXE2_COMMON                |    0 |     0 |         7 |  0.00 |
| GTXE2_CHANNEL               |    0 |     0 |        28 |  0.00 |
| PHASER_OUT/PHASER_OUT_PHY   |    0 |     0 |        56 |  0.00 |
| PHASER_IN/PHASER_IN_PHY     |    0 |     0 |        56 |  0.00 |
| IDELAYE2/IDELAYE2_FINEDELAY |    0 |     0 |       700 |  0.00 |
| ODELAYE2/ODELAYE2_FINEDELAY |    0 |     0 |       700 |  0.00 |
| IBUFDS_GTE2                 |    0 |     0 |        14 |  0.00 |
| ILOGIC                      |    0 |     0 |       700 |  0.00 |
| OLOGIC                      |    0 |     0 |       700 |  0.00 |
+-----------------------------+------+-------+-----------+-------+


5. Clocking
-----------

+------------+------+-------+-----------+-------+
|  Site Type | Used | Fixed | Available | Util% |
+------------+------+-------+-----------+-------+
| BUFGCTRL   |    0 |     0 |        32 |  0.00 |
| BUFIO      |    0 |     0 |        56 |  0.00 |
| MMCME2_ADV |    0 |     0 |        14 |  0.00 |
| PLLE2_ADV  |    0 |     0 |        14 |  0.00 |
| BUFMRCE    |    0 |     0 |        28 |  0.00 |
| BUFHCE     |    0 |     0 |       168 |  0.00 |
| BUFR       |    0 |     0 |        56 |  0.00 |
+------------+------+-------+-----------+-------+


6. Specific Feature
-------------------

+-------------+------+-------+-----------+-------+
|  Site Type  | Used | Fixed | Available | Util% |
+-------------+------+-------+-----------+-------+
| BSCANE2     |    0 |     0 |         4 |  0.00 |
| CAPTUREE2   |    0 |     0 |         1 |  0.00 |
| DNA_PORT    |    0 |     0 |         1 |  0.00 |
| EFUSE_USR   |    0 |     0 |         1 |  0.00 |
| FRAME_ECCE2 |    0 |     0 |         1 |  0.00 |
| ICAPE2      |    0 |     0 |         2 |  0.00 |
| PCIE_2_1    |    0 |     0 |         4 |  0.00 |
| STARTUPE2   |    0 |     0 |         1 |  0.00 |
| XADC        |    0 |     0 |         1 |  0.00 |
+-------------+------+-------+-----------+-------+


7. Primitives
-------------

+----------+------+---------------------+
| Ref Name | Used | Functional Category |
+----------+------+---------------------+
| FDRE     | 1328 |        Flop & Latch |
| LUT6     |  452 |                 LUT |
| LUT3     |  276 |                 LUT |
| LUT5     |  234 |                 LUT |
| FDCE     |  143 |        Flop & Latch |
| MUXF7    |  116 |               MuxFx |
| RAMD32   |   96 |  Distributed Memory |
| SRL16E   |   90 |  Distributed Memory |
| LUT4     |   90 |                 LUT |
| LUT2     |   74 |                 LUT |
| CARRY4   |   38 |          CarryLogic |
| FDSE     |   37 |        Flop & Latch |
| RAMS32   |   32 |  Distributed Memory |
| LUT1     |   17 |                 LUT |
| SRLC16E  |    7 |  Distributed Memory |
| AND2B1L  |    1 |              Others |
+----------+------+---------------------+


8. Black Boxes
--------------

+----------+------+
| Ref Name | Used |
+----------+------+


9. Instantiated Netlists
------------------------

+----------+------+
| Ref Name | Used |
+----------+------+


